[32m[17:52:27][LOG][Thread 139751432959936][System][Initialize:77] Initializing system...[0m
[32m[17:52:27][LOG][Thread 139751432959936][System][Initialize:87] Initializing window 800x600[0m
[32m[17:52:28][LOG][Thread 139751432959936][System][Initialize:124] OpenGL Vendor: Intel[0m
[32m[17:52:28][LOG][Thread 139751432959936][System][Initialize:125] OpenGL Renderer: Mesa Intel(R) Graphics (ADL GT2)[0m
[32m[17:52:28][LOG][Thread 139751432959936][System][Initialize:126] OpenGL Version: 4.6 (Compatibility Profile) Mesa 26.1.1-arch1.2[0m
[32m[17:52:28][LOG][Thread 139751432959936][System][Initialize:128] Window initialized[0m
[32m[17:52:28][LOG][Thread 139751432959936][OpenGLClass][Initialize:45] Initialize passed[0m
[32m[17:52:28][LOG][Thread 139751432959936][NetworkService][Init:16] NetworkService Initialized (Offline Mode)[0m
[32m[17:52:28][LOG][Thread 139751432959936][NetworkControl][Init:19] NetworkControl Initialized[0m
[32m[17:52:28][LOG][Thread 139751432959936][ENGINE][OnInit:221] OnInit[0m
[32m[17:52:28][LOG][Thread 139751432959936][ENGINE][WriteTestCompiledAssets:80] Wrote test compiled assets to test_compiled[0m
[32m[17:52:28][LOG][Thread 139751432959936][ENGINE][OnInit:236] AssetManager initialized, initializing RenderManager[0m
[32m[17:52:28][LOG][Thread 139751432959936][ENGINE][OnInit:243] RenderManager initialized, creating FontEngine[0m
[32m[17:52:28][LOG][Thread 139751432959936][FontEngine][LoadFont:99] Loaded Font: assets/comic.ttf[0m
[32m[17:52:28][LOG][Thread 139751432959936][ENGINE][GetOrCreateScene:196] Loading dynamic scene on client: test_compiled/scenes/mainmenu.scene[0m
[32m[17:52:28][LOG][Thread 139751432959936][PhysicsSystem][Init:133] Quadtree initialized for spatial partitioning[0m
[32m[17:52:28][LOG][Thread 139751432959936][EntityRegistryService][Create:60] Registered entity 'Title' of category 0 by 'Scene'[0m
[32m[17:52:28][LOG][Thread 139751432959936][EntityRegistryService][Create:60] Registered entity 'HostButton' of category 0 by 'Scene'[0m
[32m[17:52:28][LOG][Thread 139751432959936][EntityRegistryService][Create:60] Registered entity 'HostButton_text' of category 0 by 'Scene'[0m
[32m[17:52:28][LOG][Thread 139751432959936][EntityRegistryService][Create:60] Registered entity 'IpInput' of category 0 by 'Scene'[0m
[32m[17:52:28][LOG][Thread 139751432959936][EntityRegistryService][Create:60] Registered entity 'IpInput_text' of category 0 by 'Scene'[0m
[32m[17:52:28][LOG][Thread 139751432959936][EntityRegistryService][Create:60] Registered entity 'JoinButton' of category 0 by 'Scene'[0m
[32m[17:52:28][LOG][Thread 139751432959936][EntityRegistryService][Create:60] Registered entity 'JoinButton_text' of category 0 by 'Scene'[0m
[32m[17:52:28][LOG][Thread 139751432959936][EntityRegistryService][Create:60] Registered entity 'QuitButton' of category 0 by 'Scene'[0m
[32m[17:52:28][LOG][Thread 139751432959936][EntityRegistryService][Create:60] Registered entity 'QuitButton_text' of category 0 by 'Scene'[0m
[32m[17:52:28][LOG][Thread 139751432959936][SceneSerializer][LoadScene:395] Scene loaded from 'test_compiled/scenes/mainmenu.scene': 0 entities[0m
[32m[17:52:28][LOG][Thread 139751432959936][DataDrivenScene][OnEnter:37] DataDrivenScene entered: test_compiled/scenes/mainmenu.scene (0 entities loaded)[0m
[32m[17:52:28][LOG][Thread 139751432959936][ScriptEngine][Init:62] Python interpreter initialized (Python 3.14.5 (main, May 10 2026, 18:26:20) [GCC 16.1.1 20260430])[0m
[32m[17:52:28][LOG][Thread 139751432959936][ScriptEngine][Init:70] ScriptEngine initialized[0m
[32m[17:52:28][LOG][Thread 139751432959936][RenderManager][OnScreenChange:53] OnScreenChange 1x1 -> view 10.00x10.00[0m
[32m[17:52:28][LOG][Thread 139751432959936][ENGINE][OnInit:334] Bot mode: Auto-connecting to local server[0m
[32m[17:52:28][LOG][Thread 139751432959936][NetworkService][Connect:67] Connecting to 127.0.0.1:7777...[0m
[32m[17:52:28][LOG][Thread 139751432959936][ENGINE][OnInit:339] OnInit completed[0m
[32m[17:52:28][LOG][Thread 139751432959936][Engine][Initialize:98] Engine initialized[0m
[32m[17:52:28][LOG][Thread 139751432959936][RenderManager][OnScreenChange:53] OnScreenChange 1280x720 -> view 17.78x10.00[0m
[32m[17:52:28][LOG][Thread 139751432959936][System][OnWindowResized:211] Window resized to 885x490[0m
[32m[17:52:28][LOG][Thread 139751432959936][System][OnWindowResized:211] Window resized to 869x474[0m
[32m[17:52:28][LOG][Thread 139751432959936][RenderManager][OnScreenChange:53] OnScreenChange 869x474 -> view 18.33x10.00[0m
[32m[17:52:28][LOG][Thread 139751432959936][NetworkService][PollEvents:139] A new client connected.[0m
[32m[17:52:28][LOG][Thread 139751432959936][ENGINE][operator():274] Connected! Server requests scene: test_compiled/scenes/testscene1.scene[0m
[32m[17:52:28][LOG][Thread 139751432959936][ENGINE][GetOrCreateScene:196] Loading dynamic scene on client: test_compiled/scenes/testscene1.scene[0m
[32m[17:52:28][LOG][Thread 139751432959936][ScriptEngine][Shutdown:80] ScriptEngine shut down[0m
[32m[17:52:28][LOG][Thread 139751432959936][PhysicsSystem][Init:133] Quadtree initialized for spatial partitioning[0m
[32m[17:52:28][LOG][Thread 139751432959936][EntityRegistryService][Create:60] Registered entity 'Ground' of category 0 by 'Scene'[0m
[32m[17:52:28][LOG][Thread 139751432959936][EntityRegistryService][Create:60] Registered entity 'Ground (Copy)' of category 0 by 'Scene'[0m
[32m[17:52:28][LOG][Thread 139751432959936][EntityRegistryService][Create:60] Registered entity 'SceneTrigger' of category 0 by 'Scene'[0m
[32m[17:52:28][LOG][Thread 139751432959936][EntityRegistryService][Create:60] Registered entity 'Entity 4' of category 0 by 'Scene'[0m
[32m[17:52:28][LOG][Thread 139751432959936][SceneSerializer][LoadScene:395] Scene loaded from 'test_compiled/scenes/testscene1.scene': 4 entities[0m
[32m[17:52:28][LOG][Thread 139751432959936][DataDrivenScene][OnEnter:37] DataDrivenScene entered: test_compiled/scenes/testscene1.scene (4 entities loaded)[0m
[32m[17:52:28][LOG][Thread 139751432959936][ScriptEngine][Init:70] ScriptEngine initialized[0m
[32m[17:52:28][LOG][Thread 139751432959936][ScriptEngine][AttachScript:187] Script attached: test_compiled/scripts/scene_trigger.py.SceneTrigger -> entity 3[0m
[32m[17:52:28][LOG][Thread 139751432959936][RenderManager][OnScreenChange:53] OnScreenChange 869x474 -> view 36.67x20.00[0m
[32m[17:52:28][LOG][Thread 139751432959936][EntityRegistryService][Create:60] Registered entity 'Player' of category 3 by 'Scene'[0m
[32m[17:52:28][LOG][Thread 139751432959936][EntityRegistryService][Create:60] Registered entity 'Weapon' of category 0 by 'Scene'[0m
[32m[17:52:28][LOG][Thread 139751432959936][EntityRegistryService][Create:60] Registered entity 'Player' of category 3 by 'Scene'[0m
[32m[17:52:28][LOG][Thread 139751432959936][EntityRegistryService][Create:60] Registered entity 'Weapon' of category 0 by 'Scene'[0m
[32m[17:52:28][LOG][Thread 139751432959936][NetworkControl][OnPacketReceived:405] [RemotePlayer Sync] trans: (0.00, 1.57) | proj: (0.00, -0.90) | serverPos: (0.00, -0.79) | vel: (0.00, -6.59) | dist: 2.474 | ticksAhead: 1[0m
[32m[17:52:29][LOG][Thread 139751432959936][NetworkService][Update:93] [Client] Packets received in last second: 58[0m
[32m[17:52:30][LOG][Thread 139751432959936][NetworkService][Update:93] [Client] Packets received in last second: 62[0m
[32m[17:52:30][LOG][Thread 139751432959936][NetworkControl][OnPacketReceived:405] [RemotePlayer Sync] trans: (0.17, -2.00) | proj: (0.49, -2.00) | serverPos: (0.41, -2.00) | vel: (5.00, 0.00) | dist: 0.328 | ticksAhead: 1[0m
[32m[17:52:31][LOG][Thread 139751432959936][NetworkControl][OnPacketReceived:405] [RemotePlayer Sync] trans: (1.63, -2.00) | proj: (1.79, -2.00) | serverPos: (1.62, -2.00) | vel: (5.00, 0.00) | dist: 0.155 | ticksAhead: 2[0m
[32m[17:52:31][LOG][Thread 139751432959936][NetworkService][Update:93] [Client] Packets received in last second: 61[0m
[32m[17:52:31][LOG][Thread 139751432959936][NetworkControl][OnPacketReceived:405] [RemotePlayer Sync] trans: (2.86, -2.00) | proj: (2.91, -2.00) | serverPos: (2.83, -2.00) | vel: (5.00, 0.00) | dist: 0.051 | ticksAhead: 1[0m
[32m[17:52:31][LOG][Thread 139751432959936][NetworkControl][OnPacketReceived:405] [RemotePlayer Sync] trans: (4.21, -2.00) | proj: (4.20, -2.00) | serverPos: (4.04, -2.00) | vel: (5.00, 0.00) | dist: 0.011 | ticksAhead: 2[0m
[32m[17:52:31][LOG][Thread 139751432959936][NetworkControl][OnPacketReceived:405] [RemotePlayer Sync] trans: (5.46, -2.00) | proj: (5.16, -2.00) | serverPos: (4.99, -2.00) | vel: (5.00, 0.00) | dist: 0.298 | ticksAhead: 2[0m
[32m[17:52:32][LOG][Thread 139751432959936][ENGINE][operator():274] Connected! Server requests scene: test_compiled/scenes/testscene2.scene[0m
[32m[17:52:32][LOG][Thread 139751432959936][ENGINE][GetOrCreateScene:196] Loading dynamic scene on client: test_compiled/scenes/testscene2.scene[0m
[32m[17:52:32][LOG][Thread 139751432959936][ScriptEngine][Shutdown:80] ScriptEngine shut down[0m
[32m[17:52:32][LOG][Thread 139751432959936][PhysicsSystem][Init:133] Quadtree initialized for spatial partitioning[0m
[32m[17:52:32][LOG][Thread 139751432959936][EntityRegistryService][Create:60] Registered entity 'Ground' of category 0 by 'Scene'[0m
[32m[17:52:32][LOG][Thread 139751432959936][EntityRegistryService][Create:60] Registered entity 'Trampoline' of category 0 by 'Scene'[0m
[32m[17:52:32][LOG][Thread 139751432959936][SceneSerializer][LoadScene:395] Scene loaded from 'test_compiled/scenes/testscene2.scene': 2 entities[0m
[32m[17:52:32][LOG][Thread 139751432959936][DataDrivenScene][OnEnter:37] DataDrivenScene entered: test_compiled/scenes/testscene2.scene (2 entities loaded)[0m
[32m[17:52:32][LOG][Thread 139751432959936][ScriptEngine][Init:70] ScriptEngine initialized[0m
[32m[17:52:32][LOG][Thread 139751432959936][RenderManager][OnScreenChange:53] OnScreenChange 869x474 -> view 36.67x20.00[0m
[32m[17:52:32][LOG][Thread 139751432959936][EntityRegistryService][Create:60] Registered entity 'Player' of category 3 by 'Scene'[0m
[32m[17:52:32][LOG][Thread 139751432959936][EntityRegistryService][Create:60] Registered entity 'Weapon' of category 0 by 'Scene'[0m
[32m[17:52:32][LOG][Thread 139751432959936][EntityRegistryService][Create:60] Registered entity 'Player' of category 3 by 'Scene'[0m
[32m[17:52:32][LOG][Thread 139751432959936][EntityRegistryService][Create:60] Registered entity 'Weapon' of category 0 by 'Scene'[0m
[32m[17:52:32][LOG][Thread 139751432959936][NetworkControl][OnPacketReceived:405] [RemotePlayer Sync] trans: (0.00, 2.50) | proj: (0.00, 1.97) | serverPos: (0.00, 1.98) | vel: (0.00, -0.32) | dist: 0.529 | ticksAhead: 2[0m
[32m[17:52:32][LOG][Thread 139751432959936][NetworkService][Update:93] [Client] Packets received in last second: 62[0m
[32m[17:52:32][LOG][Thread 139751432959936][NetworkControl][OnPacketReceived:405] [RemotePlayer Sync] trans: (0.92, 2.37) | proj: (1.39, 0.91) | serverPos: (1.14, 1.11) | vel: (5.00, -3.97) | dist: 1.529 | ticksAhead: 3[0m
[32m[17:52:32][LOG][Thread 139751432959936][NetworkControl][OnPacketReceived:405] [RemotePlayer Sync] trans: (1.62, 0.58) | proj: (2.51, -0.54) | serverPos: (2.34, -0.34) | vel: (5.00, -6.17) | dist: 1.435 | ticksAhead: 2[0m
[32m[17:52:32][LOG][Thread 139751432959936][NetworkControl][OnPacketReceived:405] [RemotePlayer Sync] trans: (2.97, -1.70) | proj: (3.80, -2.53) | serverPos: (3.55, -2.15) | vel: (5.00, -7.49) | dist: 1.170 | ticksAhead: 3[0m
[32m[17:52:33][LOG][Thread 139751432959936][NetworkControl][OnPacketReceived:405] [RemotePlayer Sync] trans: (4.05, -2.00) | proj: (5.01, -2.00) | serverPos: (4.76, -2.00) | vel: (5.00, 0.00) | dist: 0.960 | ticksAhead: 3[0m
[32m[17:52:33][LOG][Thread 139751432959936][NetworkService][Update:93] [Client] Packets received in last second: 62[0m
[32m[17:52:33][LOG][Thread 139751432959936][NetworkControl][OnPacketReceived:405] [RemotePlayer Sync] trans: (4.06, -2.00) | proj: (4.99, -2.00) | serverPos: (4.99, -2.00) | vel: (0.00, 0.00) | dist: 0.929 | ticksAhead: 3[0m
[32m[17:52:33][LOG][Thread 139751432959936][NetworkControl][OnPacketReceived:405] [RemotePlayer Sync] trans: (4.25, -2.00) | proj: (5.07, -2.00) | serverPos: (5.07, -2.00) | vel: (0.00, 0.00) | dist: 0.820 | ticksAhead: 3[0m
[32m[17:52:33][LOG][Thread 139751432959936][NetworkControl][OnPacketReceived:405] [RemotePlayer Sync] trans: (4.58, -2.00) | proj: (5.07, -2.00) | serverPos: (5.07, -2.00) | vel: (0.00, 0.00) | dist: 0.492 | ticksAhead: 3[0m
[32m[17:52:34][LOG][Thread 139751432959936][NetworkControl][OnPacketReceived:405] [RemotePlayer Sync] trans: (4.78, -2.00) | proj: (5.07, -2.00) | serverPos: (5.07, -2.00) | vel: (0.00, 0.00) | dist: 0.295 | ticksAhead: 3[0m
[32m[17:52:34][LOG][Thread 139751432959936][NetworkService][Update:93] [Client] Packets received in last second: 61[0m
[32m[17:52:34][LOG][Thread 139751432959936][NetworkControl][OnPacketReceived:405] [RemotePlayer Sync] trans: (4.90, -2.00) | proj: (5.07, -2.00) | serverPos: (5.07, -2.00) | vel: (0.00, 0.00) | dist: 0.177 | ticksAhead: 2[0m
[32m[17:52:34][LOG][Thread 139751432959936][NetworkControl][OnPacketReceived:405] [RemotePlayer Sync] trans: (4.97, -2.00) | proj: (5.07, -2.00) | serverPos: (5.07, -2.00) | vel: (0.00, 0.00) | dist: 0.106 | ticksAhead: 3[0m
[32m[17:52:34][LOG][Thread 139751432959936][NetworkControl][OnPacketReceived:405] [RemotePlayer Sync] trans: (5.01, -2.00) | proj: (5.07, -2.00) | serverPos: (5.07, -2.00) | vel: (0.00, 0.00) | dist: 0.064 | ticksAhead: 3[0m
[32m[17:52:35][LOG][Thread 139751432959936][NetworkControl][OnPacketReceived:405] [RemotePlayer Sync] trans: (5.03, -2.00) | proj: (5.07, -2.00) | serverPos: (5.07, -2.00) | vel: (0.00, 0.00) | dist: 0.038 | ticksAhead: 3[0m
[32m[17:52:35][LOG][Thread 139751432959936][NetworkService][Update:93] [Client] Packets received in last second: 61[0m
[32m[17:52:35][LOG][Thread 139751432959936][NetworkControl][OnPacketReceived:405] [RemotePlayer Sync] trans: (5.05, -2.00) | proj: (5.07, -2.00) | serverPos: (5.07, -2.00) | vel: (0.00, 0.00) | dist: 0.023 | ticksAhead: 3[0m
[32m[17:52:35][LOG][Thread 139751432959936][NetworkControl][OnPacketReceived:405] [RemotePlayer Sync] trans: (5.31, -2.00) | proj: (5.07, -2.00) | serverPos: (5.07, -2.00) | vel: (0.00, 0.00) | dist: 0.235 | ticksAhead: 2[0m
[32m[17:52:35][LOG][Thread 139751432959936][NetworkControl][OnPacketReceived:405] [RemotePlayer Sync] trans: (5.21, -2.00) | proj: (5.07, -2.00) | serverPos: (5.07, -2.00) | vel: (0.00, 0.00) | dist: 0.141 | ticksAhead: 3[0m
[32m[17:52:36][LOG][Thread 139751432959936][NetworkControl][OnPacketReceived:405] [RemotePlayer Sync] trans: (5.16, -2.00) | proj: (5.07, -2.00) | serverPos: (5.07, -2.00) | vel: (0.00, 0.00) | dist: 0.085 | ticksAhead: 3[0m
[32m[17:52:36][LOG][Thread 139751432959936][NetworkService][Update:93] [Client] Packets received in last second: 61[0m
[32m[17:52:36][LOG][Thread 139751432959936][NetworkControl][OnPacketReceived:405] [RemotePlayer Sync] trans: (5.12, -2.00) | proj: (5.07, -2.00) | serverPos: (5.07, -2.00) | vel: (0.00, 0.00) | dist: 0.051 | ticksAhead: 3[0m
[32m[17:52:36][LOG][Thread 139751432959936][NetworkControl][OnPacketReceived:405] [RemotePlayer Sync] trans: (5.10, -2.00) | proj: (5.07, -2.00) | serverPos: (5.07, -2.00) | vel: (0.00, 0.00) | dist: 0.030 | ticksAhead: 2[0m
[32m[17:52:36][LOG][Thread 139751432959936][NetworkControl][OnPacketReceived:405] [RemotePlayer Sync] trans: (5.09, -2.00) | proj: (5.07, -2.00) | serverPos: (5.07, -2.00) | vel: (0.00, 0.00) | dist: 0.018 | ticksAhead: 3[0m
